// Jest Snapshot v1, https://goo.gl/fbAQLP

exports[`MainPage tests MainPage renders correctly 1`] = `
<div>
  <div
    className="mb-3"
    style={
      Object {
        "margin": "8px 12px",
      }
    }
  >
    <div
      className="form-check form-check-inline"
    >
      <input
        checked={true}
        className="form-check-input"
        disabled={false}
        id="strategyCheckedBox"
        name="strategyChecked"
        onChange={[Function]}
        type="checkbox"
      />
      <label
        className="form-check-label"
        htmlFor="strategyCheckedBox"
        title=""
      >
        Strategy
      </label>
    </div>
    <div
      className="form-check form-check-inline"
    >
      <input
        checked={true}
        className="form-check-input"
        disabled={false}
        id="engineeringCheckedBox"
        name="engineeringChecked"
        onChange={[Function]}
        type="checkbox"
      />
      <label
        className="form-check-label"
        htmlFor="engineeringCheckedBox"
        title=""
      >
        Engineering
      </label>
    </div>
    <div
      className="form-check form-check-inline"
    >
      <input
        checked={true}
        className="form-check-input"
        disabled={false}
        id="infrastructureCheckedBox"
        name="infrastructureChecked"
        onChange={[Function]}
        type="checkbox"
      />
      <label
        className="form-check-label"
        htmlFor="infrastructureCheckedBox"
        title=""
      >
        Infrastructure
      </label>
    </div>
    <div
      className="form-check form-check-inline"
    >
      <input
        checked={true}
        className="form-check-input"
        disabled={false}
        id="designCheckedBox"
        name="designChecked"
        onChange={[Function]}
        type="checkbox"
      />
      <label
        className="form-check-label"
        htmlFor="designCheckedBox"
        title=""
      >
        Design
      </label>
    </div>
  </div>
  <div
    className="map-parent-container"
  >
    <div
      className="map-parent-content"
    >
      <svg
        className="rsm-svg map"
        viewBox="0 0 800 600"
      >
        <g
          className="rsm-geographies "
        />
      </svg>
    </div>
  </div>
</div>
`;
